
> sreesaree@0.1.0 test
> jest __tests__/api/orders.test.js

